CLASS-00260 0.12751 [bgnoise]
CLASS-00260 0.274096 [laugh]
CLASS-00260 0.0261044 [mouth_noise]
CLASS-00040 0.280423 [unintelligible]
CLASS-00567 0.995188 a
CLASS-00260 0.00502008 aaa
CLASS-00348 0.0070922 abajo
CLASS-00263 0.00387597 abuela
CLASS-00297 0.137022 aca
CLASS-00036 0.00366569 acaba
CLASS-00474 0.00510638 acabar
CLASS-00036 0.00513196 acabo
CLASS-00305 0.010142 acordaba
CLASS-00033 0.00550585 acta
CLASS-00263 0.00498339 acuerdas
CLASS-00263 0.00442968 acuerdo
CLASS-00348 0.00443262 adelante
CLASS-00077 0.0159744 ademas
CLASS-00124 0.014733 adentro
CLASS-00297 0.0144928 afuera
CLASS-00297 0.0131752 agosto
CLASS-00445 0.895425 ah
CLASS-00260 0.0271084 aha
CLASS-00297 0.239789 ahi
CLASS-00077 0.170927 ahora
CLASS-00297 0.0566535 ahorita
CLASS-00260 0.210843 aja
CLASS-00033 0.0894701 al
CLASS-00263 0.00332226 alegria
CLASS-00263 0.00442968 alegro
CLASS-00220 0.00888099 alemania
CLASS-00220 0.0142096 alfredo
CLASS-00348 0.054078 algo
CLASS-00296 0.00660066 alguien
CLASS-00387 0.0280612 algun
CLASS-00223 0.0300231 alguna
CLASS-00348 0.100177 alla
CLASS-00077 0.071885 alli
CLASS-00260 0.0100402 alo
CLASS-00137 0.0136986 amaya
CLASS-00040 0.00529101 americana
CLASS-00263 0.00719823 amiga
CLASS-00033 0.00688231 amigo
CLASS-00263 0.0110742 amor
CLASS-00040 0.00634921 amorcito
CLASS-00124 0.0092081 analisis
CLASS-00137 0.0325342 anda
CLASS-00474 0.00510638 andar
CLASS-00033 0.0116999 ano
CLASS-00348 0.0177305 anos
CLASS-00124 0.0552486 antes
CLASS-00033 0.00619408 apartamento
CLASS-00297 0.213439 aqui
CLASS-00222 0.010395 araucaria
CLASS-00348 0.00443262 archivos
CLASS-00474 0.00510638 arreglar
CLASS-00348 0.0106383 arriba
CLASS-00033 0.00344116 aseo
CLASS-00041 0.33595 asi
CLASS-00033 0.00481762 asunto
CLASS-00214 0.0316302 aunque
CLASS-00033 0.00412939 auto
CLASS-00474 0.00765957 averiguar
CLASS-00217 0.238014 ay
CLASS-00078 0.088141 ayer
CLASS-00296 0.0121012 bambu
CLASS-00124 0.0128913 barato
CLASS-00001 0.00896861 barbaro
CLASS-00344 0.0280374 bastante
CLASS-00348 0.0070922 bautizo
CLASS-00263 0.0055371 bebe
CLASS-00220 0.0124334 benjamin
CLASS-00344 0.343124 bien
CLASS-00040 0.00846561 boluda
CLASS-00344 0.00801068 bonitas
CLASS-00344 0.0200267 bonito
CLASS-00033 0.00344116 brasil
CLASS-00387 0.0153061 buen
CLASS-00223 0.0230947 buena
CLASS-00001 0.500747 bueno
CLASS-00442 0.00910747 buenos
CLASS-00474 0.0195745 buscar
CLASS-00041 0.0156986 c
CLASS-00263 0.00276855 cabeza
CLASS-00387 0.0255102 cada
CLASS-00263 0.00775194 caja
CLASS-00220 0.0106572 california
CLASS-00263 0.00387597 calle
CLASS-00263 0.00498339 cama
CLASS-00218 0.00577367 cambia
CLASS-00474 0.00595745 cambiar
CLASS-00033 0.00481762 cambio
CLASS-00033 0.00344116 camino
CLASS-00033 0.00619408 carajo
CLASS-00440 0.0282353 carlos
CLASS-00296 0.0264026 carmen
CLASS-00344 0.0133511 caro
CLASS-00033 0.0110117 carro
CLASS-00263 0.0260244 carta
CLASS-00348 0.0106383 cartas
CLASS-00263 0.0465116 casa
CLASS-00348 0.00531915 casado
CLASS-00222 0.022869 casi
CLASS-00036 0.00513196 caso
CLASS-00124 0.0110497 catorce
CLASS-00296 0.00550055 cecilia
CLASS-00124 0.0257827 cerca
CLASS-00386 0.0160772 chama
CLASS-00217 0.0136986 chao
CLASS-00040 0.00952381 che
CLASS-00040 0.00634921 cheche
CLASS-00033 0.00344116 cheque
CLASS-00001 0.0104634 chevere
CLASS-00263 0.00885936 chile
CLASS-00040 0.00634921 chiquita
CLASS-00001 0.00747384 chismes
CLASS-00445 0.00816993 chuta
CLASS-00614 0.0125471 cien
CLASS-00614 0.0150565 ciento
CLASS-00483 0.00232558 cierto
CLASS-00614 0.0627353 cinco
CLASS-00614 0.0200753 cincuenta
CLASS-00263 0.0055371 ciudad
CLASS-00217 0.339041 claro
CLASS-00263 0.00332226 clase
CLASS-00348 0.0141844 clases
CLASS-00036 0.00513196 cobran
CLASS-00263 0.00498339 cocina
CLASS-00033 0.00688231 colegio
CLASS-00474 0.00765957 comer
CLASS-00222 0.765073 como
CLASS-00263 0.00332226 compania
CLASS-00348 0.00443262 comprado
CLASS-00474 0.0144681 comprar
CLASS-00036 0.0117302 compre
CLASS-00263 0.00498339 compro
CLASS-00263 0.00498339 computadora
CLASS-00043 0.00465116 computadoras
CLASS-00230 0.960422 con
CLASS-00614 0.00627353 conclusiones
CLASS-00263 0.00332226 confirmacion
CLASS-00124 0.0184162 conmigo
CLASS-00001 0.0149477 cono
CLASS-00261 0.00566893 consigo
CLASS-00033 0.00481762 contacto
CLASS-00386 0.0096463 contame
CLASS-00036 0.00439883 conte
CLASS-00344 0.00801068 contenta
CLASS-00528 0.0228833 contigo
CLASS-00263 0.00387597 conto
CLASS-00033 0.00344116 corazon
CLASS-00033 0.00963524 correo
CLASS-00263 0.0265781 cosa
CLASS-00348 0.0780142 cosas
CLASS-00033 0.00481762 credito
CLASS-00261 0.0714286 creo
CLASS-00041 0.0204082 cual
CLASS-00387 0.0229592 cualquier
CLASS-00078 0.205128 cuando
CLASS-00442 0.010929 cuantas
CLASS-00078 0.0496795 cuanto
CLASS-00614 0.0175659 cuarenta
CLASS-00033 0.00619408 cuarto
CLASS-00614 0.0451694 cuatro
CLASS-00263 0.0143965 cuenta
CLASS-00041 0.0141287 cuentame
CLASS-00263 0.00387597 cuento
CLASS-00263 0.00664452 cuestion
CLASS-00348 0.00443262 cuestiones
CLASS-00033 0.00825877 cumpleanos
CLASS-00440 0.0235294 d
CLASS-00036 0.016129 da
CLASS-00348 0.00443262 dado
CLASS-00261 0.00566893 dale
CLASS-00036 0.0139296 dan
CLASS-00344 0.0106809 dando
CLASS-00474 0.0153191 dar
CLASS-00043 0.00465116 das
CLASS-00348 0.00531915 datos
CLASS-00085 0.975374 de
CLASS-00214 0.0437956 debe
CLASS-00263 0.00775194 decia
CLASS-00261 0.00793651 decile
CLASS-00474 0.0348936 decir
CLASS-00041 0.021978 decirle
CLASS-00567 0.00481155 dejame
CLASS-00474 0.00851064 dejar
CLASS-00261 0.00680272 deje
CLASS-00036 0.00513196 dejo
CLASS-00305 0.210953 del
CLASS-00040 0.00529101 demas
CLASS-00344 0.00934579 demasiado
CLASS-00297 0.00658762 dentro
CLASS-00033 0.00757054 departamento
CLASS-00265 0.0183639 depende
CLASS-00171 0.031401 desde
CLASS-00077 0.105431 despues
CLASS-00261 0.00566893 di
CLASS-00033 0.0722643 dia
CLASS-00033 0.00344116 diablo
CLASS-00348 0.0452128 dias
CLASS-00263 0.0481728 dice
CLASS-00263 0.00885936 dicen
CLASS-00263 0.00442968 dices
CLASS-00348 0.0239362 dicho
CLASS-00220 0.0213144 diciembre
CLASS-00344 0.0186916 diciendo
CLASS-00033 0.00550585 dieciocho
CLASS-00036 0.0109971 dieron
CLASS-00614 0.0276035 diez
CLASS-00614 0.00627353 diferentes
CLASS-00344 0.0133511 dificil
CLASS-00036 0.00659824 diga
CLASS-00481 0.0105541 digale
CLASS-00124 0.0220994 digamos
CLASS-00036 0.00439883 digas
CLASS-00263 0.0310078 digo
CLASS-00263 0.0370986 dije
CLASS-00263 0.00664452 dijeron
CLASS-00263 0.00498339 dijiste
CLASS-00263 0.0542636 dijo
CLASS-00001 0.0179372 dile
CLASS-00040 0.0243386 dime
CLASS-00033 0.0103235 dinero
CLASS-00036 0.0117302 dio
CLASS-00220 0.0746004 dios
CLASS-00263 0.00830565 direccion
CLASS-00033 0.00619408 disco
CLASS-00033 0.00344116 doble
CLASS-00348 0.0115248 doce
CLASS-00033 0.00757054 doctor
CLASS-00348 0.0292553 dolares
CLASS-00033 0.00963524 domingo
CLASS-00077 0.135783 donde
CLASS-00474 0.00680851 dormir
CLASS-00614 0.111669 dos
CLASS-00614 0.0150565 doscientos
CLASS-00036 0.00439883 doy
CLASS-00344 0.00801068 durmiendo
CLASS-00033 0.00481762 duro
CLASS-00041 0.010989 e
CLASS-00263 0.00387597 e_t-shirt
CLASS-00297 0.00658762 edu
CLASS-00386 0.0144695 eee
CLASS-00217 0.263699 eh
CLASS-00077 0.0399361 ejemplo
CLASS-00042 0.920398 el
CLASS-00033 0.00412939 electronico
CLASS-00296 0.177118 ella
CLASS-00296 0.0550055 ellos
CLASS-00036 0.00366569 empece
CLASS-00474 0.00851064 empezar
CLASS-00036 0.00439883 empezaron
CLASS-00222 0.012474 empezo
CLASS-00263 0.00276855 empresa
CLASS-00010 0.9344 en
CLASS-00263 0.00332226 encuentro
CLASS-00033 0.0103235 enero
CLASS-00296 0.00880088 enrique
CLASS-00040 0.00846561 entendes
CLASS-00036 0.0058651 entendi
CLASS-00040 0.00740741 entendis
CLASS-00263 0.00332226 entere
CLASS-00218 0.00923788 entiende
CLASS-00263 0.0166113 entiendes
CLASS-00078 0.341346 entonces
CLASS-00348 0.00443262 entrar
CLASS-00474 0.00595745 enviar
CLASS-00481 0.0646438 era
CLASS-00442 0.00910747 eran
CLASS-00481 0.800792 es
CLASS-00223 0.145497 esa
CLASS-00442 0.0473588 esas
CLASS-00036 0.00439883 escribi
CLASS-00036 0.00733138 escribio
CLASS-00474 0.00510638 escribir
CLASS-00348 0.0070922 escrito
CLASS-00001 0.0209268 escuchame
CLASS-00344 0.00801068 escuchando
CLASS-00263 0.00498339 escuela
CLASS-00042 0.0696517 ese
CLASS-00296 0.325633 eso
CLASS-00442 0.0418944 esos
CLASS-00220 0.0124334 espana
CLASS-00041 0.0141287 espera
CLASS-00344 0.012016 esperando
CLASS-00440 0.0141176 esperar
CLASS-00445 0.0261438 esperate
CLASS-00261 0.00566893 espero
CLASS-00218 0.411085 esta
CLASS-00218 0.115473 estaba
CLASS-00218 0.0138568 estabamos
CLASS-00218 0.017321 estaban
CLASS-00218 0.00692841 estabas
CLASS-00348 0.016844 estado
CLASS-00220 0.0213144 estados
CLASS-00218 0.034642 estamos
CLASS-00218 0.0889145 estan
CLASS-00474 0.0485106 estar
CLASS-00218 0.0727483 estas
CLASS-00041 0.265306 este
CLASS-00296 0.0407041 esto
CLASS-00442 0.0236794 estos
CLASS-00218 0.120092 estoy
CLASS-00344 0.00801068 estudiando
CLASS-00474 0.013617 estudiar
CLASS-00440 0.0141176 estupendo
CLASS-00218 0.0127021 estuve
CLASS-00214 0.0145985 estuviera
CLASS-00218 0.0161663 estuvo
CLASS-00077 0.0111821 evelyn
CLASS-00003 0.0161043 exacto
CLASS-00033 0.00550585 examen
CLASS-00348 0.00620567 examenes
CLASS-00344 0.00667557 facil
CLASS-00261 0.0124717 falta
CLASS-00263 0.00498339 familia
CLASS-00296 0.00550055 fantastico
CLASS-00033 0.00688231 favor
CLASS-00033 0.00344116 fax
CLASS-00263 0.00387597 fecha
CLASS-00042 0.00497512 feliz
CLASS-00217 0.0239726 fijate
CLASS-00217 0.010274 fijese
CLASS-00220 0.0124334 filadelfia
CLASS-00033 0.0116999 fin
CLASS-00033 0.00757054 final
CLASS-00263 0.00387597 foto
CLASS-00348 0.0150709 fotos
CLASS-00297 0.00658762 francia
CLASS-00442 0.00910747 freenet
CLASS-00036 0.0058651 frente
CLASS-00040 0.0148148 frio
CLASS-00036 0.0821114 fue
CLASS-00297 0.0289855 fuera
CLASS-00036 0.00659824 fueron
CLASS-00036 0.0124633 fui
CLASS-00036 0.0109971 fuimos
CLASS-00036 0.00806452 fuiste
CLASS-00263 0.00276855 fundacion
CLASS-00041 0.00941915 g
CLASS-00033 0.00412939 gallo
CLASS-00124 0.0110497 ganas
CLASS-00528 0.0114416 general
CLASS-00263 0.0155039 gente
CLASS-00220 0.0106572 geraldine
CLASS-00528 0.020595 gilberto
CLASS-00263 0.00664452 gorda
CLASS-00001 0.0104634 gordo
CLASS-00263 0.00276855 grabacion
CLASS-00001 0.0343797 gracias
CLASS-00263 0.00442968 gran
CLASS-00344 0.0267023 grande
CLASS-00124 0.014733 gratis
CLASS-00033 0.00412939 guaton
CLASS-00263 0.00387597 gusta
CLASS-00263 0.00332226 gusto
CLASS-00041 0.0235479 h
CLASS-00305 0.255578 ha
CLASS-00474 0.0144681 haber
CLASS-00305 0.111562 habia
CLASS-00305 0.0223124 habian
CLASS-00305 0.010142 habias
CLASS-00265 0.0166945 habla
CLASS-00348 0.00886525 hablado
CLASS-00036 0.00953079 hablamos
CLASS-00344 0.024032 hablando
CLASS-00474 0.0348936 hablar
CLASS-00036 0.00366569 hablaste
CLASS-00036 0.0168622 hable
CLASS-00218 0.0254042 hablo
CLASS-00305 0.010142 habra
CLASS-00261 0.0646259 hace
CLASS-00036 0.00733138 hacen
CLASS-00474 0.0757447 hacer
CLASS-00474 0.00595745 hacerlo
CLASS-00218 0.00692841 haces
CLASS-00261 0.00680272 hacia
CLASS-00344 0.0373832 haciendo
CLASS-00305 0.0669371 han
CLASS-00305 0.0547667 has
CLASS-00044 0.148472 hasta
CLASS-00261 0.143991 hay
CLASS-00305 0.010142 haya
CLASS-00305 0.127789 he
CLASS-00348 0.0248227 hecho
CLASS-00305 0.020284 hemos
CLASS-00263 0.00498339 hermana
CLASS-00263 0.00332226 hermano
CLASS-00261 0.0124717 hice
CLASS-00124 0.0220994 hija
CLASS-00040 0.0328042 hijo
CLASS-00263 0.00387597 historia
CLASS-00036 0.00733138 hizo
CLASS-00445 0.0163399 hola
CLASS-00003 0.00996933 hombre
CLASS-00263 0.00885936 hora
CLASS-00348 0.0177305 horas
CLASS-00040 0.00634921 horrible
CLASS-00033 0.00344116 hotel
CLASS-00078 0.088141 hoy
CLASS-00305 0.0121704 hubiera
CLASS-00033 0.00412939 huevon
CLASS-00223 0.0207852 i
CLASS-00036 0.0469208 iba
CLASS-00036 0.00366569 ibamos
CLASS-00036 0.00733138 iban
CLASS-00220 0.00888099 ibm
CLASS-00124 0.0184162 idea
CLASS-00348 0.0132979 ido
CLASS-00263 0.00498339 iglesia
CLASS-00222 0.04158 igual
CLASS-00217 0.0291096 imaginate
CLASS-00263 0.00442968 imagino
CLASS-00035 0.00688705 importa
CLASS-00040 0.00634921 importante
CLASS-00033 0.00825877 ingles
CLASS-00474 0.0570213 ir
CLASS-00296 0.0121012 irma
CLASS-00222 0.012474 irme
CLASS-00297 0.027668 jefa
CLASS-00040 0.00846561 joda
CLASS-00440 0.0258824 jorge
CLASS-00033 0.00481762 jose
CLASS-00220 0.00888099 juan
CLASS-00033 0.00550585 jueves
CLASS-00220 0.0142096 julio
CLASS-00124 0.0110497 juntos
CLASS-00263 0.00664452 juro
CLASS-00440 0.0141176 justo
CLASS-00217 0.0188356 knoxville
CLASS-00041 0.0204082 l
CLASS-00043 0.977674 la
CLASS-00033 0.00481762 laboratorio
CLASS-00033 0.0110117 lado
CLASS-00263 0.00332226 lados
CLASS-00348 0.00531915 ladrones
CLASS-00614 0.333752 las
CLASS-00474 0.00680851 lavar
CLASS-00130 0.772321 le
CLASS-00297 0.00790514 leche
CLASS-00040 0.00846561 lechuga
CLASS-00344 0.0106809 lejos
CLASS-00130 0.0580357 les
CLASS-00348 0.0070922 letras
CLASS-00263 0.00276855 ley
CLASS-00085 0.00439754 libras
CLASS-00483 0.00232558 libre
CLASS-00263 0.00276855 licencia
CLASS-00001 0.0149477 linda
CLASS-00001 0.0119581 lindo
CLASS-00440 0.0117647 lindsey
CLASS-00573 0.0108225 listo
CLASS-00036 0.0227273 llama
CLASS-00263 0.00276855 llamada
CLASS-00348 0.00797872 llamado
CLASS-00344 0.00667557 llamando
CLASS-00474 0.0212766 llamar
CLASS-00078 0.0112179 llamaste
CLASS-00036 0.0102639 llame
CLASS-00263 0.021041 llamo
CLASS-00036 0.0109971 llega
CLASS-00348 0.0115248 llegado
CLASS-00474 0.0153191 llegar
CLASS-00036 0.00366569 llegaron
CLASS-00036 0.0197947 llego
CLASS-00137 0.0119863 llegue
CLASS-00036 0.00366569 lleva
CLASS-00474 0.0102128 llevar
CLASS-00036 0.00513196 lleve
CLASS-00036 0.0124633 llevo
CLASS-00265 0.834725 lo
CLASS-00040 0.00529101 loca
CLASS-00442 0.506375 los
CLASS-00077 0.0447284 luego
CLASS-00033 0.00344116 lugar
CLASS-00043 0.00465116 luis
CLASS-00033 0.0158293 lunes
CLASS-00296 0.00550055 luz
CLASS-00016 0.00465477 m
CLASS-00263 0.00609081 madre
CLASS-00344 0.0427236 mal
CLASS-00124 0.0092081 mala
CLASS-00263 0.00442968 maleta
CLASS-00344 0.00801068 malo
CLASS-00263 0.0520487 mama
CLASS-00217 0.0530822 mami
CLASS-00217 0.010274 mamita
CLASS-00078 0.102564 manana
CLASS-00036 0.00659824 manda
CLASS-00348 0.0141844 mandado
CLASS-00222 0.018711 mandame
CLASS-00036 0.00366569 mandan
CLASS-00344 0.0106809 mandando
CLASS-00474 0.0212766 mandar
CLASS-00036 0.00366569 mandaron
CLASS-00263 0.00442968 mandaste
CLASS-00036 0.026393 mande
CLASS-00036 0.0322581 mando
CLASS-00263 0.00276855 manera
CLASS-00348 0.0132979 maneras
CLASS-00296 0.00550055 manuel
CLASS-00263 0.00276855 maquina
CLASS-00042 0.00497512 maria
CLASS-00077 0.00798722 mario
CLASS-00001 0.00896861 marita
CLASS-00474 0.00680851 marta
CLASS-00033 0.00688231 martes
CLASS-00220 0.0106572 mary
CLASS-00124 0.440147 mas
CLASS-00036 0.00439883 mataron
CLASS-00075 1 me
CLASS-00440 0.0235294 mechita
CLASS-00077 0.028754 media
CLASS-00033 0.00619408 medico
CLASS-00263 0.00719823 medida
CLASS-00077 0.0239617 medio
CLASS-00528 0.125858 mejor
CLASS-00033 0.00344116 menaje
CLASS-00474 0.0459574 menos
CLASS-00033 0.0103235 mensaje
CLASS-00528 0.0251716 mentira
CLASS-00033 0.0116999 mes
CLASS-00348 0.0150709 meses
CLASS-00474 0.00510638 meter
CLASS-00220 0.390764 mi
CLASS-00386 0.0176849 mia
CLASS-00220 0.0106572 miami
CLASS-00483 0.00232558 mientras
CLASS-00033 0.00550585 miercoles
CLASS-00040 0.0126984 mierda
CLASS-00001 0.00747384 mija
CLASS-00386 0.0192926 mijo
CLASS-00348 0.0265957 mil
CLASS-00348 0.0159574 minutos
CLASS-00263 0.00664452 mio
CLASS-00001 0.110613 mira
CLASS-00386 0.0450161 mire
CLASS-00442 0.0273224 mis
CLASS-00263 0.00719823 misma
CLASS-00033 0.0165175 mismo
CLASS-00260 0.238956 mmm
CLASS-00033 0.00619408 modem
CLASS-00263 0.00664452 modos
CLASS-00033 0.0158293 momento
CLASS-00263 0.00996678 monica
CLASS-00033 0.00550585 monton
CLASS-00474 0.00510638 morir
CLASS-00474 0.00595745 mover
CLASS-00223 0.0300231 mucha
CLASS-00263 0.00442968 muchacha
CLASS-00033 0.00825877 muchacho
CLASS-00614 0.0200753 muchas
CLASS-00124 0.0128913 muchisimo
CLASS-00124 0.116022 mucho
CLASS-00387 0.0153061 muchos
CLASS-00033 0.0151411 mundo
CLASS-00344 0.116155 muy
CLASS-00348 0.148936 nada
CLASS-00220 0.035524 nadie
CLASS-00263 0.00442968 navidad
CLASS-00481 0.00923483 necesita
CLASS-00214 0.0121655 necesitas
CLASS-00261 0.00566893 necesito
CLASS-00033 0.00344116 negocio
CLASS-00033 0.00344116 negro
CLASS-00124 0.132597 ni
CLASS-00263 0.00442968 nina
CLASS-00387 0.0306122 ningun
CLASS-00124 0.0110497 ninguna
CLASS-00124 0.0092081 ninguno
CLASS-00040 0.00634921 nino
CLASS-00348 0.00531915 ninos
CLASS-00034 0.990914 no
CLASS-00263 0.0149502 noche
CLASS-00033 0.00481762 nombre
CLASS-00040 0.00846561 normal
CLASS-00130 0.15625 nos
CLASS-00077 0.0415335 nosotros
CLASS-00348 0.00443262 noticias
CLASS-00033 0.00688231 noventa
CLASS-00220 0.0106572 noviembre
CLASS-00033 0.00619408 novio
CLASS-00223 0.0138568 nueva
CLASS-00614 0.0276035 nueve
CLASS-00297 0.00922266 nuevo
CLASS-00348 0.00620567 numeros
CLASS-00296 0.019802 nunca
CLASS-00214 0.686131 o
CLASS-00033 0.00412939 obispo
CLASS-00033 0.0289057 ocho
CLASS-00263 0.00387597 oficina
CLASS-00445 0.0539216 oh
CLASS-00040 0.010582 oiga
CLASS-00040 0.00740741 oiste
CLASS-00041 0.021978 ojala
CLASS-00260 0.065261 okey
CLASS-00036 0.00439883 olvide
CLASS-00263 0.0055371 olvido
CLASS-00614 0.0175659 once
CLASS-00263 0.00387597 onda
CLASS-00223 0.122402 otra
CLASS-00614 0.0200753 otras
CLASS-00033 0.0488644 otro
CLASS-00442 0.0163934 otros
CLASS-00001 0.183857 oye
CLASS-00440 0.0164706 p
CLASS-00077 0.0159744 pablo
CLASS-00036 0.00513196 paga
CLASS-00348 0.00443262 pagado
CLASS-00474 0.0102128 pagar
CLASS-00036 0.00953079 pague
CLASS-00041 0.00941915 pai
CLASS-00033 0.00550585 pais
CLASS-00263 0.0138427 papa
CLASS-00033 0.00344116 papel
CLASS-00348 0.00443262 papeles
CLASS-00040 0.00952381 papito
CLASS-00044 0.818777 para
CLASS-00261 0.0566893 parece
CLASS-00220 0.0142096 paris
CLASS-00263 0.00719823 parte
CLASS-00348 0.00443262 partes
CLASS-00296 0.0484048 pasa
CLASS-00348 0.0230496 pasado
CLASS-00033 0.00344116 pasaje
CLASS-00348 0.00531915 pasajes
CLASS-00344 0.00801068 pasando
CLASS-00474 0.0093617 pasar
CLASS-00036 0.00513196 pase
CLASS-00474 0.00425532 paseo
CLASS-00263 0.0215947 paso
CLASS-00263 0.00442968 pata
CLASS-00041 0.010989 paty
CLASS-00474 0.00510638 pedir
CLASS-00263 0.0110742 pena
CLASS-00348 0.00620567 pensado
CLASS-00344 0.00667557 pensando
CLASS-00297 0.0105402 peor
CLASS-00260 0.00702811 perfecto
CLASS-00386 0.840836 pero
CLASS-00263 0.00442968 persona
CLASS-00348 0.00886525 personas
CLASS-00033 0.00481762 peso
CLASS-00348 0.0115248 pesos
CLASS-00033 0.00412939 piso
CLASS-00263 0.00276855 pitita
CLASS-00263 0.00941307 plata
CLASS-00078 0.0192308 pobre
CLASS-00260 0.00803213 pobrecito
CLASS-00033 0.0199587 poco
CLASS-00214 0.0121655 podemos
CLASS-00614 0.00752823 poder
CLASS-00214 0.0364964 podia
CLASS-00348 0.00886525 podido
CLASS-00265 0.00834725 podis
CLASS-00265 0.00834725 podria
CLASS-00033 0.00412939 pollo
CLASS-00474 0.0102128 poner
CLASS-00033 0.0103235 poquito
CLASS-00171 0.942029 por
CLASS-00528 0.768879 porque
CLASS-00263 0.00276855 posibilidad
CLASS-00263 0.00498339 postal
CLASS-00348 0.00443262 preguntado
CLASS-00474 0.00425532 preguntar
CLASS-00036 0.0058651 pregunte
CLASS-00263 0.00332226 pregunto
CLASS-00036 0.00659824 preocupes
CLASS-00223 0.0115473 primera
CLASS-00010 0.008 primeramente
CLASS-00297 0.0223979 primero
CLASS-00033 0.00412939 principio
CLASS-00033 0.0137646 problema
CLASS-00348 0.00797872 problemas
CLASS-00263 0.00442968 pucha
CLASS-00214 0.0121655 pudo
CLASS-00036 0.00513196 pueda
CLASS-00036 0.0285924 puede
CLASS-00214 0.0194647 pueden
CLASS-00214 0.0486618 puedes
CLASS-00305 0.0669371 puedo
CLASS-00040 0.324868 pues
CLASS-00348 0.00531915 puesto
CLASS-00614 0.0163112 punto
CLASS-00036 0.00439883 puse
CLASS-00036 0.00366569 puso
CLASS-00001 0.0209268 puta
CLASS-00483 0.993023 que
CLASS-00036 0.00659824 queda
CLASS-00348 0.00443262 quedado
CLASS-00474 0.00851064 quedar
CLASS-00036 0.00439883 quedaron
CLASS-00218 0.0127021 quede
CLASS-00263 0.0116279 quedo
CLASS-00265 0.0300501 queria
CLASS-00296 0.0638064 quien
CLASS-00214 0.0681265 quiere
CLASS-00214 0.0145985 quieren
CLASS-00265 0.0350584 quieres
CLASS-00265 0.048414 quiero
CLASS-00614 0.0263488 quince
CLASS-00614 0.00752823 quinientos
CLASS-00440 0.0164706 quique
CLASS-00474 0.00425532 ramon
CLASS-00124 0.0128913 rapido
CLASS-00296 0.00770077 raro
CLASS-00033 0.00481762 ratito
CLASS-00033 0.00619408 rato
CLASS-00344 0.0226969 re
CLASS-00296 0.0110011 realmente
CLASS-00348 0.00620567 recibido
CLASS-00040 0.00529101 recibio
CLASS-00442 0.010929 recibiste
CLASS-00041 0.021978 recien
CLASS-00573 0.00974026 regio
CLASS-00130 0.0133929 regreso
CLASS-00297 0.0171278 repente
CLASS-00261 0.00907029 resulta
CLASS-00220 0.0142096 ricardo
CLASS-00001 0.00747384 rico
CLASS-00220 0.00888099 roatan
CLASS-00033 0.00344116 robo
CLASS-00474 0.012766 rocio
CLASS-00033 0.00412939 rollo
CLASS-00296 0.00770077 roman
CLASS-00263 0.0055371 ropa
CLASS-00033 0.00963524 sabado
CLASS-00481 0.0343008 sabe
CLASS-00474 0.0110638 saber
CLASS-00041 0.0926217 sabes
CLASS-00035 0.0330579 sabia
CLASS-00348 0.00531915 sabido
CLASS-00085 0.00615655 sacar
CLASS-00041 0.00784929 saco
CLASS-00261 0.0170068 sale
CLASS-00085 0.00439754 salgo
CLASS-00348 0.00531915 salido
CLASS-00218 0.00577367 salieron
CLASS-00036 0.00366569 salio
CLASS-00474 0.0153191 salir
CLASS-00040 0.00529101 saludos
CLASS-00043 0.00837209 san
CLASS-00035 0.960055 se
CLASS-00474 0.120851 sea
CLASS-00614 0.00627353 sec
CLASS-00263 0.00276855 secadora
CLASS-00474 0.00595745 seguir
CLASS-00261 0.0102041 seguro
CLASS-00614 0.0326223 seis
CLASS-00263 0.0177187 semana
CLASS-00348 0.00443262 semanas
CLASS-00033 0.00963524 senor
CLASS-00263 0.00609081 senora
CLASS-00297 0.0144928 septiembre
CLASS-00474 0.0255319 ser
CLASS-00481 0.0118734 sera
CLASS-00528 0.0251716 seria
CLASS-00220 0.0124334 serio
CLASS-00614 0.0100376 sesenta
CLASS-00614 0.00627353 setenta
CLASS-00003 0.973926 si
CLASS-00348 0.00620567 sido
CLASS-00222 0.0561331 siempre
CLASS-00263 0.00498339 siento
CLASS-00033 0.017894 siete
CLASS-00218 0.00692841 sigue
CLASS-00085 0.00527704 siguiente
CLASS-00230 0.0395778 sin
CLASS-00044 0.0327511 sino
CLASS-00124 0.0092081 siquiera
CLASS-00263 0.00332226 situacion
CLASS-00171 0.02657 sobre
CLASS-00263 0.00498339 sofia
CLASS-00344 0.0173565 sola
CLASS-00078 0.00961538 solamente
CLASS-00222 0.0602911 solo
CLASS-00442 0.12204 son
CLASS-00218 0.0115473 soy
CLASS-00220 0.0923623 su
CLASS-00040 0.0190476 suegra
CLASS-00344 0.0200267 super
CLASS-00261 0.00566893 supongo
CLASS-00077 0.014377 supuesto
CLASS-00442 0.0309654 sus
CLASS-00041 0.0266876 t
CLASS-00440 0.0964706 tal
CLASS-00263 0.00609081 talla
CLASS-00033 0.00344116 taller
CLASS-00297 0.151515 tambien
CLASS-00034 0.00908605 tampoco
CLASS-00344 0.0307076 tan
CLASS-00296 0.0209021 tanto
CLASS-00263 0.013289 tarde
CLASS-00263 0.00276855 tarjeta
CLASS-00023 1 te
CLASS-00033 0.0206469 telefono
CLASS-00033 0.00344116 televisor
CLASS-00261 0.0294785 tenemos
CLASS-00474 0.027234 tener
CLASS-00261 0.00793651 tenes
CLASS-00261 0.157596 tengo
CLASS-00261 0.0487528 tenia
CLASS-00261 0.00680272 teniamos
CLASS-00041 0.00784929 tenis
CLASS-00220 0.0124334 tennessee
CLASS-00220 0.0159858 teresa
CLASS-00348 0.00443262 terminos
CLASS-00573 0.00649351 terrible
CLASS-00474 0.012766 ti
CLASS-00263 0.00442968 tia
CLASS-00033 0.0337233 tiempo
CLASS-00261 0.148526 tiene
CLASS-00261 0.0430839 tienen
CLASS-00261 0.0487528 tienes
CLASS-00033 0.017894 tipo
CLASS-00078 0.00801282 tiro
CLASS-00036 0.00953079 toca
CLASS-00010 0.0576 toda
CLASS-00442 0.0692168 todas
CLASS-00296 0.0737074 todavia
CLASS-00077 0.271565 todo
CLASS-00220 0.127886 todos
CLASS-00344 0.00801068 tomando
CLASS-00474 0.00680851 tomar
CLASS-00040 0.00846561 tono
CLASS-00040 0.00740741 total
CLASS-00344 0.0186916 trabajando
CLASS-00474 0.0110638 trabajar
CLASS-00033 0.0185822 trabajo
CLASS-00261 0.00907029 trae
CLASS-00474 0.00595745 traer
CLASS-00036 0.00366569 traes
CLASS-00305 0.010142 trajo
CLASS-00344 0.0106809 tranquila
CLASS-00344 0.0133511 tranquilo
CLASS-00474 0.00510638 tratar
CLASS-00033 0.0192705 treinta
CLASS-00033 0.00344116 tren
CLASS-00614 0.0664994 tres
CLASS-00614 0.00627353 trescientos
CLASS-00440 0.597647 tu
CLASS-00442 0.0182149 tus
CLASS-00261 0.0124717 tuve
CLASS-00085 0.00439754 tuya
CLASS-00033 0.00412939 tuyo
CLASS-00440 0.0235294 u
CLASS-00573 0.00757576 uh
CLASS-00033 0.0116999 ultimo
CLASS-00387 0.862245 un
CLASS-00223 0.602771 una
CLASS-00614 0.0439147 unas
CLASS-00261 0.00680272 unico
CLASS-00263 0.0055371 unidos
CLASS-00263 0.0116279 universidad
CLASS-00078 0.0641026 uno
CLASS-00442 0.0473588 unos
CLASS-00296 0.0429043 usted
CLASS-00296 0.0176018 ustedes
CLASS-00041 0.0156986 v
CLASS-00036 0.109971 va
CLASS-00348 0.00620567 vacaciones
CLASS-00263 0.0105205 vaina
CLASS-00481 0.0343008 vale
CLASS-00036 0.0388563 vamos
CLASS-00036 0.0395894 van
CLASS-00614 0.0112923 varias
CLASS-00036 0.0293255 vas
CLASS-00036 0.0168622 vaya
CLASS-00001 0.00747384 vayamos
CLASS-00036 0.00733138 vayan
CLASS-00041 0.0251177 ve
CLASS-00261 0.00566893 vea
CLASS-00474 0.0161702 veces
CLASS-00033 0.0165175 veinte
CLASS-00033 0.00550585 veinticuatro
CLASS-00033 0.00550585 veintitres
CLASS-00033 0.00344116 veintiuno
CLASS-00261 0.00566893 venden
CLASS-00137 0.0136986 vengas
CLASS-00348 0.00886525 venido
CLASS-00474 0.0144681 venir
CLASS-00261 0.015873 veo
CLASS-00474 0.0961702 ver
CLASS-00297 0.0158103 veras
CLASS-00040 0.0994709 verdad
CLASS-00078 0.0128205 veronica
CLASS-00040 0.0243386 ves
CLASS-00263 0.0204873 vez
CLASS-00036 0.00953079 vi
CLASS-00033 0.00619408 viaje
CLASS-00263 0.00885936 vida
CLASS-00033 0.00481762 video
CLASS-00263 0.00498339 vieja
CLASS-00033 0.00619408 viejo
CLASS-00344 0.0146862 viendo
CLASS-00481 0.0343008 viene
CLASS-00218 0.00577367 vienen
CLASS-00033 0.00963524 viernes
CLASS-00036 0.0102639 vino
CLASS-00036 0.00439883 vio
CLASS-00386 0.0369775 viste
CLASS-00348 0.0150709 visto
CLASS-00344 0.0133511 viviendo
CLASS-00474 0.00680851 vivir
CLASS-00220 0.0124334 volver
CLASS-00440 0.0941176 vos
CLASS-00036 0.0989736 voy
CLASS-00263 0.00498339 voz
CLASS-00263 0.00442968 vuelta
CLASS-00041 0.00784929 x
CLASS-00016 0.995345 y
CLASS-00573 0.965368 ya
CLASS-00344 0.0173565 yendo
CLASS-00137 0.928082 yo
CLASS-00263 0.00332226 zapato
