   weights = 0.125 1 0 1 0
   normed = 1 8 0 8 0
   scale = 8
original errors = 210 (0.37702/word)
best errors = 196 (0.351885/word)
   weights = 0.0933483 1.02388 -0.345431 1.19073 0.0535833
   normed = 1 10.9684 -3.70045 12.7557 0.574014
   scale = 10.7126
*** nbest-rover control file ***
../nbest-rover/nbest-pron-scores	12.7557 +
../nbest-rover/nbest-dur-scores	0.574014 +
../nbest-rover/nbest-lists	10.9684 -3.70045 1.0 0 10.7126
